[     265ms] [LOG] {hash: 000276dd3a6e1cadca5483e828fc3c9dbf71ed5a8fcaf5e834fac944abe09ccd, nonce: 168} @ https://safereddit.com/.within.website/x/cmd/anubis/static/js/main.mjs?cacheBuster=devel:30
[    6139ms] [ERROR] Failed to load resource: the server responded with a status of 404 () @ https://safereddit.com/r/weddingindustry/search?q=spreadsheet&restrict_sr=on&sort=relevance&t=all:0
[    6245ms] [ERROR] Manifest: Line: 1, column: 1, Syntax error. @ https://safereddit.com/manifest.json:0
[    9338ms] [ERROR] Manifest: Line: 1, column: 1, Syntax error. @ https://safereddit.com/manifest.json:0
[   53143ms] [ERROR] Manifest: Line: 1, column: 1, Syntax error. @ https://safereddit.com/manifest.json:0
[   53399ms] [ERROR] Manifest: Line: 1, column: 1, Syntax error. @ https://safereddit.com/manifest.json:0
[   57047ms] [ERROR] Manifest: Line: 1, column: 1, Syntax error. @ https://safereddit.com/manifest.json:0
[   57094ms] [ERROR] Manifest: Line: 1, column: 1, Syntax error. @ https://safereddit.com/manifest.json:0
[   60850ms] [ERROR] Manifest: Line: 1, column: 1, Syntax error. @ https://safereddit.com/manifest.json:0
[   60899ms] [ERROR] Manifest: Line: 1, column: 1, Syntax error. @ https://safereddit.com/manifest.json:0
[   75734ms] [ERROR] Manifest: Line: 1, column: 1, Syntax error. @ https://safereddit.com/manifest.json:0
[   77207ms] [ERROR] Manifest: Line: 1, column: 1, Syntax error. @ https://safereddit.com/manifest.json:0
[   82727ms] [ERROR] Manifest: Line: 1, column: 1, Syntax error. @ https://safereddit.com/manifest.json:0
[   83150ms] [ERROR] Manifest: Line: 1, column: 1, Syntax error. @ https://safereddit.com/manifest.json:0
[   88128ms] [ERROR] Manifest: Line: 1, column: 1, Syntax error. @ https://safereddit.com/manifest.json:0
[   88186ms] [ERROR] Manifest: Line: 1, column: 1, Syntax error. @ https://safereddit.com/manifest.json:0
[   92831ms] [ERROR] Manifest: Line: 1, column: 1, Syntax error. @ https://safereddit.com/manifest.json:0
[   94326ms] [ERROR] Manifest: Line: 1, column: 1, Syntax error. @ https://safereddit.com/manifest.json:0
[  115358ms] [ERROR] Manifest: Line: 1, column: 1, Syntax error. @ https://safereddit.com/manifest.json:0
[  115565ms] [ERROR] Manifest: Line: 1, column: 1, Syntax error. @ https://safereddit.com/manifest.json:0
[  118232ms] [ERROR] Failed to load resource: the server responded with a status of 404 () @ https://safereddit.com/r/weddingplanners/top?t=all:0
[  118266ms] [ERROR] Manifest: Line: 1, column: 1, Syntax error. @ https://safereddit.com/manifest.json:0
[  118324ms] [ERROR] Manifest: Line: 1, column: 1, Syntax error. @ https://safereddit.com/manifest.json:0
[  122131ms] [ERROR] Manifest: Line: 1, column: 1, Syntax error. @ https://safereddit.com/manifest.json:0
[  122326ms] [ERROR] Manifest: Line: 1, column: 1, Syntax error. @ https://safereddit.com/manifest.json:0
[  126456ms] [ERROR] Manifest: Line: 1, column: 1, Syntax error. @ https://safereddit.com/manifest.json:0
[  130609ms] [ERROR] Manifest: Line: 1, column: 1, Syntax error. @ https://safereddit.com/manifest.json:0
[  130673ms] [ERROR] Manifest: Line: 1, column: 1, Syntax error. @ https://safereddit.com/manifest.json:0
[  135958ms] [ERROR] Manifest: Line: 1, column: 1, Syntax error. @ https://safereddit.com/manifest.json:0
[  136184ms] [ERROR] Manifest: Line: 1, column: 1, Syntax error. @ https://safereddit.com/manifest.json:0
[  141575ms] [ERROR] Manifest: Line: 1, column: 1, Syntax error. @ https://safereddit.com/manifest.json:0
[  143409ms] [ERROR] Manifest: Line: 1, column: 1, Syntax error. @ https://safereddit.com/manifest.json:0
[  151214ms] [ERROR] Manifest: Line: 1, column: 1, Syntax error. @ https://safereddit.com/manifest.json:0
[  151453ms] [ERROR] Manifest: Line: 1, column: 1, Syntax error. @ https://safereddit.com/manifest.json:0
